2026-04-09T20:27:17-04:00 [INFO] (codacy-cli-v2/cli-v2.go:27) Starting Codacy CLI version=1.0.0-main.356.sha.ee1b0e6 (ee1b0e6) built at 2025-09-04T15:20:51Z
2026-04-09T20:27:17-04:00 [INFO] (codacy-cli-v2/cmd/root.go:34) Executing CLI command command=init full_command=[/Users/nando/Library/Caches/Codacy/codacy-cli-v2/1.0.0-main.356.sha.ee1b0e6/codacy-cli-v2 init --provider gh --organization Nando81k --repository daycare-app --api-token ***] args=[]
2026-04-09T20:42:07-04:00 [INFO] (codacy-cli-v2/cli-v2.go:27) Starting Codacy CLI version=1.0.0-main.356.sha.ee1b0e6 (ee1b0e6) built at 2025-09-04T15:20:51Z
2026-04-09T20:42:07-04:00 [INFO] (codacy-cli-v2/cli-v2.go:55) No configuration file was found, execute init command first.
2026-04-09T21:48:37-04:00 [INFO] (codacy-cli-v2/cli-v2.go:27) Starting Codacy CLI version=1.0.0-main.356.sha.ee1b0e6 (ee1b0e6) built at 2025-09-04T15:20:51Z
2026-04-09T21:48:37-04:00 [INFO] (codacy-cli-v2/cli-v2.go:27) Starting Codacy CLI version=1.0.0-main.356.sha.ee1b0e6 (ee1b0e6) built at 2025-09-04T15:20:51Z
2026-04-09T21:48:37-04:00 [INFO] (codacy-cli-v2/cli-v2.go:27) Starting Codacy CLI version=1.0.0-main.356.sha.ee1b0e6 (ee1b0e6) built at 2025-09-04T15:20:51Z
2026-04-09T21:48:37-04:00 [INFO] (codacy-cli-v2/cmd/root.go:34) Executing CLI command args=[] command=init full_command=[/Users/nando/Library/Caches/Codacy/codacy-cli-v2/1.0.0-main.356.sha.ee1b0e6/codacy-cli-v2 init --provider gh --organization Nando81k --repository daycare-app --api-token ***]
2026-04-09T21:48:37-04:00 [INFO] (codacy-cli-v2/cmd/root.go:34) Executing CLI command full_command=[/Users/nando/Library/Caches/Codacy/codacy-cli-v2/1.0.0-main.356.sha.ee1b0e6/codacy-cli-v2 init --provider gh --organization Nando81k --repository daycare-app --api-token ***] args=[] command=init
2026-04-09T21:48:37-04:00 [INFO] (codacy-cli-v2/cmd/root.go:34) Executing CLI command command=init full_command=[/Users/nando/Library/Caches/Codacy/codacy-cli-v2/1.0.0-main.356.sha.ee1b0e6/codacy-cli-v2 init --provider gh --organization Nando81k --repository daycare-app --api-token ***] args=[]
2026-04-10T13:25:34-04:00 [INFO] (codacy-cli-v2/cli-v2.go:27) Starting Codacy CLI version=1.0.0-main.356.sha.ee1b0e6 (ee1b0e6) built at 2025-09-04T15:20:51Z
2026-04-10T13:25:34-04:00 [INFO] (codacy-cli-v2/cmd/root.go:34) Executing CLI command args=[] command=init full_command=[/Users/nando/Library/Caches/Codacy/codacy-cli-v2/1.0.0-main.356.sha.ee1b0e6/codacy-cli-v2 init --provider gh --organization Nando81k --repository daycare-app --api-token ***]
2026-04-10T13:30:22-04:00 [INFO] (codacy-cli-v2/cli-v2.go:27) Starting Codacy CLI version=1.0.0-main.356.sha.ee1b0e6 (ee1b0e6) built at 2025-09-04T15:20:51Z
2026-04-10T13:30:22-04:00 [INFO] (codacy-cli-v2/cmd/root.go:34) Executing CLI command args=[] command=init full_command=[/Users/nando/Library/Caches/Codacy/codacy-cli-v2/1.0.0-main.356.sha.ee1b0e6/codacy-cli-v2 init --provider gh --organization Nando81k --repository daycare-app --api-token ***]
2026-04-10T13:53:20-04:00 [INFO] (codacy-cli-v2/cli-v2.go:27) Starting Codacy CLI version=1.0.0-main.356.sha.ee1b0e6 (ee1b0e6) built at 2025-09-04T15:20:51Z
2026-04-10T13:53:20-04:00 [INFO] (codacy-cli-v2/cmd/root.go:34) Executing CLI command full_command=[/Users/nando/Library/Caches/Codacy/codacy-cli-v2/1.0.0-main.356.sha.ee1b0e6/codacy-cli-v2 init --provider gh --organization Nando81k --repository daycare-app --api-token ***] args=[] command=init
2026-04-10T14:10:38-04:00 [INFO] (codacy-cli-v2/cli-v2.go:27) Starting Codacy CLI version=1.0.0-main.356.sha.ee1b0e6 (ee1b0e6) built at 2025-09-04T15:20:51Z
2026-04-10T14:10:38-04:00 [INFO] (codacy-cli-v2/cmd/root.go:34) Executing CLI command command=init full_command=[/Users/nando/Library/Caches/Codacy/codacy-cli-v2/1.0.0-main.356.sha.ee1b0e6/codacy-cli-v2 init --provider gh --organization Nando81k --repository daycare-app --api-token ***] args=[]
2026-04-10T14:15:54-04:00 [INFO] (codacy-cli-v2/cli-v2.go:27) Starting Codacy CLI version=1.0.0-main.356.sha.ee1b0e6 (ee1b0e6) built at 2025-09-04T15:20:51Z
2026-04-10T14:15:54-04:00 [INFO] (codacy-cli-v2/cmd/root.go:34) Executing CLI command command=init full_command=[/Users/nando/Library/Caches/Codacy/codacy-cli-v2/1.0.0-main.356.sha.ee1b0e6/codacy-cli-v2 init --provider gh --organization Nando81k --repository daycare-app --api-token ***] args=[]
2026-04-10T14:22:28-04:00 [INFO] (codacy-cli-v2/cli-v2.go:27) Starting Codacy CLI version=1.0.0-main.356.sha.ee1b0e6 (ee1b0e6) built at 2025-09-04T15:20:51Z
2026-04-10T14:22:28-04:00 [INFO] (codacy-cli-v2/cmd/root.go:34) Executing CLI command full_command=[/Users/nando/Library/Caches/Codacy/codacy-cli-v2/1.0.0-main.356.sha.ee1b0e6/codacy-cli-v2 init --provider gh --organization Nando81k --repository daycare-app --api-token ***] args=[] command=init
2026-04-10T14:54:21-04:00 [INFO] (codacy-cli-v2/cli-v2.go:27) Starting Codacy CLI version=1.0.0-main.356.sha.ee1b0e6 (ee1b0e6) built at 2025-09-04T15:20:51Z
2026-04-10T14:54:22-04:00 [INFO] (codacy-cli-v2/cmd/root.go:34) Executing CLI command args=[] command=init full_command=[/Users/nando/Library/Caches/Codacy/codacy-cli-v2/1.0.0-main.356.sha.ee1b0e6/codacy-cli-v2 init --provider gh --organization Nando81k --repository daycare-app --api-token ***]
2026-04-10T14:59:34-04:00 [INFO] (codacy-cli-v2/cli-v2.go:27) Starting Codacy CLI version=1.0.0-main.356.sha.ee1b0e6 (ee1b0e6) built at 2025-09-04T15:20:51Z
2026-04-10T14:59:34-04:00 [INFO] (codacy-cli-v2/cli-v2.go:27) Starting Codacy CLI version=1.0.0-main.356.sha.ee1b0e6 (ee1b0e6) built at 2025-09-04T15:20:51Z
2026-04-10T14:59:34-04:00 [INFO] (codacy-cli-v2/cmd/root.go:34) Executing CLI command command=init full_command=[/Users/nando/Library/Caches/Codacy/codacy-cli-v2/1.0.0-main.356.sha.ee1b0e6/codacy-cli-v2 init --provider gh --organization Nando81k --repository daycare-app --api-token ***] args=[]
2026-04-10T14:59:34-04:00 [INFO] (codacy-cli-v2/cmd/root.go:34) Executing CLI command command=init full_command=[/Users/nando/Library/Caches/Codacy/codacy-cli-v2/1.0.0-main.356.sha.ee1b0e6/codacy-cli-v2 init --provider gh --organization Nando81k --repository daycare-app --api-token ***] args=[]
2026-04-10T15:30:41-04:00 [INFO] (codacy-cli-v2/cli-v2.go:27) Starting Codacy CLI version=1.0.0-main.356.sha.ee1b0e6 (ee1b0e6) built at 2025-09-04T15:20:51Z
2026-04-10T15:30:41-04:00 [INFO] (codacy-cli-v2/cmd/root.go:34) Executing CLI command args=[] command=init full_command=[/Users/nando/Library/Caches/Codacy/codacy-cli-v2/1.0.0-main.356.sha.ee1b0e6/codacy-cli-v2 init --provider gh --organization Nando81k --repository daycare-app --api-token ***]
2026-04-10T17:48:01-04:00 [INFO] (codacy-cli-v2/cli-v2.go:27) Starting Codacy CLI version=1.0.0-main.356.sha.ee1b0e6 (ee1b0e6) built at 2025-09-04T15:20:51Z
2026-04-10T17:48:01-04:00 [INFO] (codacy-cli-v2/cmd/root.go:34) Executing CLI command command=init full_command=[/Users/nando/Library/Caches/Codacy/codacy-cli-v2/1.0.0-main.356.sha.ee1b0e6/codacy-cli-v2 init --provider gh --organization Nando81k --repository daycare-app --api-token ***] args=[]
2026-04-10T18:15:40-04:00 [INFO] (codacy-cli-v2/cli-v2.go:27) Starting Codacy CLI version=1.0.0-main.356.sha.ee1b0e6 (ee1b0e6) built at 2025-09-04T15:20:51Z
2026-04-10T18:15:41-04:00 [INFO] (codacy-cli-v2/cmd/root.go:34) Executing CLI command full_command=[/Users/nando/Library/Caches/Codacy/codacy-cli-v2/1.0.0-main.356.sha.ee1b0e6/codacy-cli-v2 init --provider gh --organization Nando81k --repository daycare-app --api-token ***] args=[] command=init
2026-04-10T18:52:13-04:00 [INFO] (codacy-cli-v2/cli-v2.go:27) Starting Codacy CLI version=1.0.0-main.356.sha.ee1b0e6 (ee1b0e6) built at 2025-09-04T15:20:51Z
2026-04-10T18:52:13-04:00 [INFO] (codacy-cli-v2/cmd/root.go:34) Executing CLI command command=init full_command=[/Users/nando/Library/Caches/Codacy/codacy-cli-v2/1.0.0-main.356.sha.ee1b0e6/codacy-cli-v2 init --provider gh --organization Nando81k --repository daycare-app --api-token ***] args=[]
2026-04-10T19:42:06-04:00 [INFO] (codacy-cli-v2/cli-v2.go:27) Starting Codacy CLI version=1.0.0-main.356.sha.ee1b0e6 (ee1b0e6) built at 2025-09-04T15:20:51Z
2026-04-10T19:42:06-04:00 [INFO] (codacy-cli-v2/cli-v2.go:27) Starting Codacy CLI version=1.0.0-main.356.sha.ee1b0e6 (ee1b0e6) built at 2025-09-04T15:20:51Z
2026-04-10T19:42:06-04:00 [INFO] (codacy-cli-v2/cmd/root.go:34) Executing CLI command command=init full_command=[/Users/nando/Library/Caches/Codacy/codacy-cli-v2/1.0.0-main.356.sha.ee1b0e6/codacy-cli-v2 init --provider gh --organization Nando81k --repository daycare-app --api-token ***] args=[]
2026-04-10T19:42:06-04:00 [INFO] (codacy-cli-v2/cmd/root.go:34) Executing CLI command command=init full_command=[/Users/nando/Library/Caches/Codacy/codacy-cli-v2/1.0.0-main.356.sha.ee1b0e6/codacy-cli-v2 init --provider gh --organization Nando81k --repository daycare-app --api-token ***] args=[]
2026-04-10T21:55:23-04:00 [INFO] (codacy-cli-v2/cli-v2.go:27) Starting Codacy CLI version=1.0.0-main.356.sha.ee1b0e6 (ee1b0e6) built at 2025-09-04T15:20:51Z
2026-04-10T21:55:23-04:00 [INFO] (codacy-cli-v2/cmd/root.go:34) Executing CLI command command=init full_command=[/Users/nando/Library/Caches/Codacy/codacy-cli-v2/1.0.0-main.356.sha.ee1b0e6/codacy-cli-v2 init --provider gh --organization Nando81k --repository daycare-app --api-token ***] args=[]
2026-04-10T22:13:49-04:00 [INFO] (codacy-cli-v2/cli-v2.go:27) Starting Codacy CLI version=1.0.0-main.356.sha.ee1b0e6 (ee1b0e6) built at 2025-09-04T15:20:51Z
2026-04-10T22:13:49-04:00 [INFO] (codacy-cli-v2/cmd/root.go:34) Executing CLI command command=init full_command=[/Users/nando/Library/Caches/Codacy/codacy-cli-v2/1.0.0-main.356.sha.ee1b0e6/codacy-cli-v2 init --provider gh --organization Nando81k --repository daycare-app --api-token ***] args=[]
2026-04-10T22:17:06-04:00 [INFO] (codacy-cli-v2/cli-v2.go:27) Starting Codacy CLI version=1.0.0-main.356.sha.ee1b0e6 (ee1b0e6) built at 2025-09-04T15:20:51Z
2026-04-10T22:17:06-04:00 [INFO] (codacy-cli-v2/cmd/root.go:34) Executing CLI command command=init full_command=[/Users/nando/Library/Caches/Codacy/codacy-cli-v2/1.0.0-main.356.sha.ee1b0e6/codacy-cli-v2 init --provider gh --organization Nando81k --repository daycare-app --api-token ***] args=[]
2026-04-10T22:21:47-04:00 [INFO] (codacy-cli-v2/cli-v2.go:27) Starting Codacy CLI version=1.0.0-main.356.sha.ee1b0e6 (ee1b0e6) built at 2025-09-04T15:20:51Z
2026-04-10T22:21:47-04:00 [INFO] (codacy-cli-v2/cmd/root.go:34) Executing CLI command args=[] command=init full_command=[/Users/nando/Library/Caches/Codacy/codacy-cli-v2/1.0.0-main.356.sha.ee1b0e6/codacy-cli-v2 init --provider gh --organization Nando81k --repository daycare-app --api-token ***]
2026-04-10T22:30:02-04:00 [INFO] (codacy-cli-v2/cli-v2.go:27) Starting Codacy CLI version=1.0.0-main.356.sha.ee1b0e6 (ee1b0e6) built at 2025-09-04T15:20:51Z
2026-04-10T22:30:02-04:00 [INFO] (codacy-cli-v2/cmd/root.go:34) Executing CLI command command=init full_command=[/Users/nando/Library/Caches/Codacy/codacy-cli-v2/1.0.0-main.356.sha.ee1b0e6/codacy-cli-v2 init --provider gh --organization Nando81k --repository daycare-app --api-token ***] args=[]
2026-04-10T23:03:43-04:00 [INFO] (codacy-cli-v2/cli-v2.go:27) Starting Codacy CLI version=1.0.0-main.356.sha.ee1b0e6 (ee1b0e6) built at 2025-09-04T15:20:51Z
2026-04-10T23:03:43-04:00 [INFO] (codacy-cli-v2/cmd/root.go:34) Executing CLI command full_command=[/Users/nando/Library/Caches/Codacy/codacy-cli-v2/1.0.0-main.356.sha.ee1b0e6/codacy-cli-v2 init --provider gh --organization Nando81k --repository daycare-app --api-token ***] args=[] command=init
2026-04-10T23:03:48-04:00 [INFO] (codacy-cli-v2/cli-v2.go:27) Starting Codacy CLI version=1.0.0-main.356.sha.ee1b0e6 (ee1b0e6) built at 2025-09-04T15:20:51Z
2026-04-10T23:03:48-04:00 [INFO] (codacy-cli-v2/cli-v2.go:55) No configuration file was found, execute init command first.
2026-04-11T08:53:24-04:00 [INFO] (codacy-cli-v2/cli-v2.go:27) Starting Codacy CLI version=1.0.0-main.356.sha.ee1b0e6 (ee1b0e6) built at 2025-09-04T15:20:51Z
2026-04-11T08:53:24-04:00 [INFO] (codacy-cli-v2/cli-v2.go:55) No configuration file was found, execute init command first.
2026-04-11T08:55:51-04:00 [INFO] (codacy-cli-v2/cli-v2.go:27) Starting Codacy CLI version=1.0.0-main.356.sha.ee1b0e6 (ee1b0e6) built at 2025-09-04T15:20:51Z
2026-04-11T08:55:51-04:00 [INFO] (codacy-cli-v2/cmd/root.go:34) Executing CLI command full_command=[/Users/nando/Library/Caches/Codacy/codacy-cli-v2/1.0.0-main.356.sha.ee1b0e6/codacy-cli-v2 init --provider gh --organization Nando81k --repository daycare-app --api-token ***] args=[] command=init
2026-04-11T08:55:56-04:00 [INFO] (codacy-cli-v2/cli-v2.go:27) Starting Codacy CLI version=1.0.0-main.356.sha.ee1b0e6 (ee1b0e6) built at 2025-09-04T15:20:51Z
2026-04-11T08:55:56-04:00 [INFO] (codacy-cli-v2/cli-v2.go:55) No configuration file was found, execute init command first.
2026-04-11T14:47:37-04:00 [INFO] (codacy-cli-v2/cli-v2.go:27) Starting Codacy CLI version=1.0.0-main.356.sha.ee1b0e6 (ee1b0e6) built at 2025-09-04T15:20:51Z
2026-04-11T14:47:37-04:00 [INFO] (codacy-cli-v2/cli-v2.go:55) No configuration file was found, execute init command first.
2026-04-11T15:15:48-04:00 [INFO] (codacy-cli-v2/cli-v2.go:27) Starting Codacy CLI version=1.0.0-main.356.sha.ee1b0e6 (ee1b0e6) built at 2025-09-04T15:20:51Z
2026-04-11T15:15:48-04:00 [INFO] (codacy-cli-v2/cmd/root.go:34) Executing CLI command command=init full_command=[/Users/nando/Library/Caches/Codacy/codacy-cli-v2/1.0.0-main.356.sha.ee1b0e6/codacy-cli-v2 init --provider gh --organization Nando81k --repository daycare-app --api-token ***] args=[]
2026-04-11T15:36:18-04:00 [INFO] (codacy-cli-v2/cli-v2.go:27) Starting Codacy CLI version=1.0.0-main.356.sha.ee1b0e6 (ee1b0e6) built at 2025-09-04T15:20:51Z
2026-04-11T15:36:18-04:00 [INFO] (codacy-cli-v2/cmd/root.go:34) Executing CLI command args=[] command=init full_command=[/Users/nando/Library/Caches/Codacy/codacy-cli-v2/1.0.0-main.356.sha.ee1b0e6/codacy-cli-v2 init --provider gh --organization Nando81k --repository daycare-app --api-token ***]
2026-04-11T16:07:09-04:00 [INFO] (codacy-cli-v2/cli-v2.go:27) Starting Codacy CLI version=1.0.0-main.356.sha.ee1b0e6 (ee1b0e6) built at 2025-09-04T15:20:51Z
2026-04-11T16:07:09-04:00 [INFO] (codacy-cli-v2/cmd/root.go:34) Executing CLI command command=init full_command=[/Users/nando/Library/Caches/Codacy/codacy-cli-v2/1.0.0-main.356.sha.ee1b0e6/codacy-cli-v2 init --provider gh --organization Nando81k --repository daycare-app --api-token ***] args=[]
2026-04-11T20:59:17-04:00 [INFO] (codacy-cli-v2/cli-v2.go:27) Starting Codacy CLI version=1.0.0-main.356.sha.ee1b0e6 (ee1b0e6) built at 2025-09-04T15:20:51Z
2026-04-11T20:59:17-04:00 [INFO] (codacy-cli-v2/cmd/root.go:34) Executing CLI command full_command=[/Users/nando/Library/Caches/Codacy/codacy-cli-v2/1.0.0-main.356.sha.ee1b0e6/codacy-cli-v2 init --provider gh --organization Nando81k --repository daycare-app --api-token ***] args=[] command=init
2026-04-12T04:33:15-04:00 [INFO] (codacy-cli-v2/cli-v2.go:27) Starting Codacy CLI version=1.0.0-main.356.sha.ee1b0e6 (ee1b0e6) built at 2025-09-04T15:20:51Z
2026-04-12T04:33:15-04:00 [INFO] (codacy-cli-v2/cmd/root.go:34) Executing CLI command args=[] command=init full_command=[/Users/nando/Library/Caches/Codacy/codacy-cli-v2/1.0.0-main.356.sha.ee1b0e6/codacy-cli-v2 init --provider gh --organization Nando81k --repository daycare-app --api-token ***]
2026-04-14T19:39:46-04:00 [INFO] (codacy-cli-v2/cli-v2.go:27) Starting Codacy CLI version=1.0.0-main.356.sha.ee1b0e6 (ee1b0e6) built at 2025-09-04T15:20:51Z
2026-04-14T19:39:46-04:00 [INFO] (codacy-cli-v2/cmd/root.go:34) Executing CLI command full_command=[/Users/nando/Library/Caches/Codacy/codacy-cli-v2/1.0.0-main.356.sha.ee1b0e6/codacy-cli-v2 init --provider gh --organization Nando81k --repository daycare-app --api-token ***] args=[] command=init
2026-04-14T20:06:02-04:00 [INFO] (codacy-cli-v2/cli-v2.go:27) Starting Codacy CLI version=1.0.0-main.356.sha.ee1b0e6 (ee1b0e6) built at 2025-09-04T15:20:51Z
2026-04-14T20:06:02-04:00 [INFO] (codacy-cli-v2/cmd/root.go:34) Executing CLI command command=init full_command=[/Users/nando/Library/Caches/Codacy/codacy-cli-v2/1.0.0-main.356.sha.ee1b0e6/codacy-cli-v2 init --provider gh --organization Nando81k --repository daycare-app --api-token ***] args=[]
2026-04-14T21:22:40-04:00 [INFO] (codacy-cli-v2/cli-v2.go:27) Starting Codacy CLI version=1.0.0-main.356.sha.ee1b0e6 (ee1b0e6) built at 2025-09-04T15:20:51Z
2026-04-14T21:22:40-04:00 [INFO] (codacy-cli-v2/cmd/root.go:34) Executing CLI command full_command=[/Users/nando/Library/Caches/Codacy/codacy-cli-v2/1.0.0-main.356.sha.ee1b0e6/codacy-cli-v2 init --provider gh --organization Nando81k --repository daycare-app --api-token ***] args=[] command=init
2026-04-14T21:43:04-04:00 [INFO] (codacy-cli-v2/cli-v2.go:27) Starting Codacy CLI version=1.0.0-main.356.sha.ee1b0e6 (ee1b0e6) built at 2025-09-04T15:20:51Z
2026-04-14T21:43:04-04:00 [INFO] (codacy-cli-v2/cli-v2.go:55) No configuration file was found, execute init command first.
2026-04-14T21:44:00-04:00 [INFO] (codacy-cli-v2/cli-v2.go:27) Starting Codacy CLI version=1.0.0-main.356.sha.ee1b0e6 (ee1b0e6) built at 2025-09-04T15:20:51Z
2026-04-14T21:44:00-04:00 [INFO] (codacy-cli-v2/cmd/root.go:34) Executing CLI command command=init full_command=[/Users/nando/Library/Caches/Codacy/codacy-cli-v2/1.0.0-main.356.sha.ee1b0e6/codacy-cli-v2 init --provider gh --organization Nando81k --repository daycare-app --api-token ***] args=[]
2026-04-14T21:45:05-04:00 [INFO] (codacy-cli-v2/cli-v2.go:27) Starting Codacy CLI version=1.0.0-main.356.sha.ee1b0e6 (ee1b0e6) built at 2025-09-04T15:20:51Z
2026-04-14T21:45:05-04:00 [INFO] (codacy-cli-v2/cmd/root.go:34) Executing CLI command command=init full_command=[/Users/nando/Library/Caches/Codacy/codacy-cli-v2/1.0.0-main.356.sha.ee1b0e6/codacy-cli-v2 init --provider gh --organization Nando81k --repository daycare-app --api-token ***] args=[]
2026-04-14T21:46:45-04:00 [INFO] (codacy-cli-v2/cli-v2.go:27) Starting Codacy CLI version=1.0.0-main.356.sha.ee1b0e6 (ee1b0e6) built at 2025-09-04T15:20:51Z
2026-04-14T21:46:45-04:00 [INFO] (codacy-cli-v2/cmd/root.go:34) Executing CLI command full_command=[/Users/nando/Library/Caches/Codacy/codacy-cli-v2/1.0.0-main.356.sha.ee1b0e6/codacy-cli-v2 init --provider gh --organization Nando81k --repository daycare-app --api-token ***] args=[] command=init
2026-04-15T03:56:55-04:00 [INFO] (codacy-cli-v2/cli-v2.go:27) Starting Codacy CLI version=1.0.0-main.356.sha.ee1b0e6 (ee1b0e6) built at 2025-09-04T15:20:51Z
2026-04-15T03:56:55-04:00 [INFO] (codacy-cli-v2/cli-v2.go:55) No configuration file was found, execute init command first.
2026-04-15T03:58:40-04:00 [INFO] (codacy-cli-v2/cli-v2.go:27) Starting Codacy CLI version=1.0.0-main.356.sha.ee1b0e6 (ee1b0e6) built at 2025-09-04T15:20:51Z
2026-04-15T03:58:40-04:00 [INFO] (codacy-cli-v2/cmd/root.go:34) Executing CLI command full_command=[/Users/nando/Library/Caches/Codacy/codacy-cli-v2/1.0.0-main.356.sha.ee1b0e6/codacy-cli-v2 init --provider gh --organization Nando81k --repository daycare-app --api-token ***] args=[] command=init
2026-04-15T03:59:31-04:00 [INFO] (codacy-cli-v2/cli-v2.go:27) Starting Codacy CLI version=1.0.0-main.356.sha.ee1b0e6 (ee1b0e6) built at 2025-09-04T15:20:51Z
2026-04-15T03:59:31-04:00 [INFO] (codacy-cli-v2/cmd/root.go:34) Executing CLI command args=[] command=init full_command=[/Users/nando/Library/Caches/Codacy/codacy-cli-v2/1.0.0-main.356.sha.ee1b0e6/codacy-cli-v2 init --provider gh --organization Nando81k --repository daycare-app --api-token ***]
2026-04-15T04:02:28-04:00 [INFO] (codacy-cli-v2/cli-v2.go:27) Starting Codacy CLI version=1.0.0-main.356.sha.ee1b0e6 (ee1b0e6) built at 2025-09-04T15:20:51Z
2026-04-15T04:02:28-04:00 [INFO] (codacy-cli-v2/cli-v2.go:27) Starting Codacy CLI version=1.0.0-main.356.sha.ee1b0e6 (ee1b0e6) built at 2025-09-04T15:20:51Z
2026-04-15T04:02:28-04:00 [INFO] (codacy-cli-v2/cmd/root.go:34) Executing CLI command args=[] command=init full_command=[/Users/nando/Library/Caches/Codacy/codacy-cli-v2/1.0.0-main.356.sha.ee1b0e6/codacy-cli-v2 init --provider gh --organization Nando81k --repository daycare-app --api-token ***]
2026-04-15T04:02:28-04:00 [INFO] (codacy-cli-v2/cmd/root.go:34) Executing CLI command command=init full_command=[/Users/nando/Library/Caches/Codacy/codacy-cli-v2/1.0.0-main.356.sha.ee1b0e6/codacy-cli-v2 init --provider gh --organization Nando81k --repository daycare-app --api-token ***] args=[]
2026-04-15T04:19:02-04:00 [INFO] (codacy-cli-v2/cli-v2.go:27) Starting Codacy CLI version=1.0.0-main.356.sha.ee1b0e6 (ee1b0e6) built at 2025-09-04T15:20:51Z
2026-04-15T04:19:02-04:00 [INFO] (codacy-cli-v2/cmd/root.go:34) Executing CLI command command=init full_command=[/Users/nando/Library/Caches/Codacy/codacy-cli-v2/1.0.0-main.356.sha.ee1b0e6/codacy-cli-v2 init --provider gh --organization Nando81k --repository daycare-app --api-token ***] args=[]
